<math xmlns="http://www.w3.org/1998/Math/MathML">
    <mrow>
        <mi mathvariant="italic">a</mi>
        <mo>=</mo>
        <mo>−</mo>
        <mo>(</mo>
        <mi mathvariant="italic">b</mi>
        <mo>−</mo>
        <mi mathvariant="italic">c</mi>
        <mo>)</mo>
        <mo>·</mo>
        <mi mathvariant="italic">d</mi>
        <mo>+</mo>
        <mi>e</mi>
    </mrow>
</math>
