<math xmlns="http://www.w3.org/1998/Math/MathML">
    <mrow>
        <mi mathvariant="italic">a</mi>
        <mo>=</mo>
        <msup>
            <msup>
                <mi mathvariant="italic">b</mi>
                <mi mathvariant="italic">c</mi>
            </msup>
            <mi mathvariant="italic">d</mi>
        </msup>
    </mrow>
</math>
