<math xmlns="http://www.w3.org/1998/Math/MathML">
    <mrow>
        <mi mathvariant="italic">a</mi>
        <mo>=</mo>
        <mo>−</mo>
        <msup>
            <mroot>
                <mrow>
                    <mo>−</mo>
                    <mi mathvariant="italic">b</mi>
                </mrow>
                <mrow>
                    <mi mathvariant="italic">c</mi>
                </mrow>
            </mroot>
            <mi mathvariant="italic">d</mi>
        </msup>
    </mrow>
</math>
