<math xmlns="http://www.w3.org/1998/Math/MathML">
    <mrow>
        <mi mathvariant="italic">a</mi>
        <mo>=</mo>
        <msup>
            <msup>
                <mi>e</mi>
                <mrow>
                    <mi mathvariant="italic">b</mi>
                </mrow>
            </msup>
            <mi mathvariant="italic">c</mi>
        </msup>
    </mrow>
</math>
